==12971== HEAP SUMMARY:
==12971==     in use at exit: 228,770 bytes in 233 blocks
==12971==   total heap usage: 454 allocs, 221 frees, 249,436 bytes allocated
==12971== 
==12971== 3 bytes in 1 blocks are still reachable in loss record 1 of 73
==12971==    at 0x4846828: malloc (in /usr/libexec/valgrind/vgpreload_memcheck-amd64-linux.so)
==12971==    by 0x48A70EC: xmalloc (in /usr/lib/x86_64-linux-gnu/libreadline.so.8.2)
==12971==    by 0x4882458: rl_set_prompt (in /usr/lib/x86_64-linux-gnu/libreadline.so.8.2)
==12971==    by 0x488E891: readline (in /usr/lib/x86_64-linux-gnu/libreadline.so.8.2)
==12971==    by 0x109410: main (main.c:74)
==12971== 
==12971== 3 bytes in 1 blocks are still reachable in loss record 2 of 73
==12971==    at 0x4846828: malloc (in /usr/libexec/valgrind/vgpreload_memcheck-amd64-linux.so)
==12971==    by 0x48A70EC: xmalloc (in /usr/lib/x86_64-linux-gnu/libreadline.so.8.2)
==12971==    by 0x4893B2B: ??? (in /usr/lib/x86_64-linux-gnu/libreadline.so.8.2)
==12971==    by 0x4893CCD: rl_expand_prompt (in /usr/lib/x86_64-linux-gnu/libreadline.so.8.2)
==12971==    by 0x488247F: rl_set_prompt (in /usr/lib/x86_64-linux-gnu/libreadline.so.8.2)
==12971==    by 0x488E891: readline (in /usr/lib/x86_64-linux-gnu/libreadline.so.8.2)
==12971==    by 0x109410: main (main.c:74)
==12971== 
==12971== 8 bytes in 1 blocks are still reachable in loss record 3 of 73
==12971==    at 0x4846828: malloc (in /usr/libexec/valgrind/vgpreload_memcheck-amd64-linux.so)
==12971==    by 0x48A7C97: xrealloc (in /usr/lib/x86_64-linux-gnu/libreadline.so.8.2)
==12971==    by 0x48935AE: ??? (in /usr/lib/x86_64-linux-gnu/libreadline.so.8.2)
==12971==    by 0x4893CCD: rl_expand_prompt (in /usr/lib/x86_64-linux-gnu/libreadline.so.8.2)
==12971==    by 0x488247F: rl_set_prompt (in /usr/lib/x86_64-linux-gnu/libreadline.so.8.2)
==12971==    by 0x488E891: readline (in /usr/lib/x86_64-linux-gnu/libreadline.so.8.2)
==12971==    by 0x109410: main (main.c:74)
==12971== 
==12971== 8 bytes in 1 blocks are still reachable in loss record 4 of 73
==12971==    at 0x4846828: malloc (in /usr/libexec/valgrind/vgpreload_memcheck-amd64-linux.so)
==12971==    by 0x497435E: strdup (strdup.c:42)
==12971==    by 0x4AF1FE7: _nc_trim_sgr0 (in /usr/lib/x86_64-linux-gnu/libtinfo.so.6.4)
==12971==    by 0x4AEE9B7: tgetent_sp (in /usr/lib/x86_64-linux-gnu/libtinfo.so.6.4)
==12971==    by 0x48A2CE4: _rl_init_terminal_io (in /usr/lib/x86_64-linux-gnu/libreadline.so.8.2)
==12971==    by 0x488E5D7: rl_initialize (in /usr/lib/x86_64-linux-gnu/libreadline.so.8.2)
==12971==    by 0x488E896: readline (in /usr/lib/x86_64-linux-gnu/libreadline.so.8.2)
==12971==    by 0x109410: main (main.c:74)
==12971== 
==12971== 9 bytes in 1 blocks are still reachable in loss record 5 of 73
==12971==    at 0x4846828: malloc (in /usr/libexec/valgrind/vgpreload_memcheck-amd64-linux.so)
==12971==    by 0x48A70EC: xmalloc (in /usr/lib/x86_64-linux-gnu/libreadline.so.8.2)
==12971==    by 0x48A2919: _rl_reset_region_color (in /usr/lib/x86_64-linux-gnu/libreadline.so.8.2)
==12971==    by 0x48A2E6B: _rl_init_terminal_io (in /usr/lib/x86_64-linux-gnu/libreadline.so.8.2)
==12971==    by 0x488E5D7: rl_initialize (in /usr/lib/x86_64-linux-gnu/libreadline.so.8.2)
==12971==    by 0x488E896: readline (in /usr/lib/x86_64-linux-gnu/libreadline.so.8.2)
==12971==    by 0x109410: main (main.c:74)
==12971== 
==12971== 10 bytes in 1 blocks are still reachable in loss record 6 of 73
==12971==    at 0x4846828: malloc (in /usr/libexec/valgrind/vgpreload_memcheck-amd64-linux.so)
==12971==    by 0x497435E: strdup (strdup.c:42)
==12971==    by 0x4AE12D0: ??? (in /usr/lib/x86_64-linux-gnu/libtinfo.so.6.4)
==12971==    by 0x4AE3F9D: _nc_first_db (in /usr/lib/x86_64-linux-gnu/libtinfo.so.6.4)
==12971==    by 0x4AF2A8A: _nc_read_entry2 (in /usr/lib/x86_64-linux-gnu/libtinfo.so.6.4)
==12971==    by 0x4AEE135: ??? (in /usr/lib/x86_64-linux-gnu/libtinfo.so.6.4)
==12971==    by 0x4AEE2C5: _nc_setupterm (in /usr/lib/x86_64-linux-gnu/libtinfo.so.6.4)
==12971==    by 0x4AEE7D6: tgetent_sp (in /usr/lib/x86_64-linux-gnu/libtinfo.so.6.4)
==12971==    by 0x48A2CE4: _rl_init_terminal_io (in /usr/lib/x86_64-linux-gnu/libreadline.so.8.2)
==12971==    by 0x488E5D7: rl_initialize (in /usr/lib/x86_64-linux-gnu/libreadline.so.8.2)
==12971==    by 0x488E896: readline (in /usr/lib/x86_64-linux-gnu/libreadline.so.8.2)
==12971==    by 0x109410: main (main.c:74)
==12971== 
==12971== 11 bytes in 1 blocks are still reachable in loss record 7 of 73
==12971==    at 0x4846828: malloc (in /usr/libexec/valgrind/vgpreload_memcheck-amd64-linux.so)
==12971==    by 0x48A70EC: xmalloc (in /usr/lib/x86_64-linux-gnu/libreadline.so.8.2)
==12971==    by 0x48A2919: _rl_reset_region_color (in /usr/lib/x86_64-linux-gnu/libreadline.so.8.2)
==12971==    by 0x48A2E7C: _rl_init_terminal_io (in /usr/lib/x86_64-linux-gnu/libreadline.so.8.2)
==12971==    by 0x488E5D7: rl_initialize (in /usr/lib/x86_64-linux-gnu/libreadline.so.8.2)
==12971==    by 0x488E896: readline (in /usr/lib/x86_64-linux-gnu/libreadline.so.8.2)
==12971==    by 0x109410: main (main.c:74)
==12971== 
==12971== 12 bytes in 1 blocks are still reachable in loss record 8 of 73
==12971==    at 0x4846828: malloc (in /usr/libexec/valgrind/vgpreload_memcheck-amd64-linux.so)
==12971==    by 0x48A70EC: xmalloc (in /usr/lib/x86_64-linux-gnu/libreadline.so.8.2)
==12971==    by 0x48A13EB: _rl_init_locale (in /usr/lib/x86_64-linux-gnu/libreadline.so.8.2)
==12971==    by 0x48A14C6: _rl_init_eightbit (in /usr/lib/x86_64-linux-gnu/libreadline.so.8.2)
==12971==    by 0x488E5F9: rl_initialize (in /usr/lib/x86_64-linux-gnu/libreadline.so.8.2)
==12971==    by 0x488E896: readline (in /usr/lib/x86_64-linux-gnu/libreadline.so.8.2)
==12971==    by 0x109410: main (main.c:74)
==12971== 
==12971== 13 bytes in 1 blocks are still reachable in loss record 9 of 73
==12971==    at 0x4846828: malloc (in /usr/libexec/valgrind/vgpreload_memcheck-amd64-linux.so)
==12971==    by 0x48A70EC: xmalloc (in /usr/lib/x86_64-linux-gnu/libreadline.so.8.2)
==12971==    by 0x4894B35: ??? (in /usr/lib/x86_64-linux-gnu/libreadline.so.8.2)
==12971==    by 0x488E600: rl_initialize (in /usr/lib/x86_64-linux-gnu/libreadline.so.8.2)
==12971==    by 0x488E896: readline (in /usr/lib/x86_64-linux-gnu/libreadline.so.8.2)
==12971==    by 0x109410: main (main.c:74)
==12971== 
==12971== 14 bytes in 1 blocks are still reachable in loss record 10 of 73
==12971==    at 0x484DB80: realloc (in /usr/libexec/valgrind/vgpreload_memcheck-amd64-linux.so)
==12971==    by 0x4AE29DC: _nc_doalloc (in /usr/lib/x86_64-linux-gnu/libtinfo.so.6.4)
==12971==    by 0x4AEB657: _nc_tiparm (in /usr/lib/x86_64-linux-gnu/libtinfo.so.6.4)
==12971==    by 0x4AF1F4F: ??? (in /usr/lib/x86_64-linux-gnu/libtinfo.so.6.4)
==12971==    by 0x4AF1FD9: _nc_trim_sgr0 (in /usr/lib/x86_64-linux-gnu/libtinfo.so.6.4)
==12971==    by 0x4AEE9B7: tgetent_sp (in /usr/lib/x86_64-linux-gnu/libtinfo.so.6.4)
==12971==    by 0x48A2CE4: _rl_init_terminal_io (in /usr/lib/x86_64-linux-gnu/libreadline.so.8.2)
==12971==    by 0x488E5D7: rl_initialize (in /usr/lib/x86_64-linux-gnu/libreadline.so.8.2)
==12971==    by 0x488E896: readline (in /usr/lib/x86_64-linux-gnu/libreadline.so.8.2)
==12971==    by 0x109410: main (main.c:74)
==12971== 
==12971== 15 bytes in 1 blocks are still reachable in loss record 11 of 73
==12971==    at 0x4846828: malloc (in /usr/libexec/valgrind/vgpreload_memcheck-amd64-linux.so)
==12971==    by 0x497435E: strdup (strdup.c:42)
==12971==    by 0x4AEE328: _nc_setupterm (in /usr/lib/x86_64-linux-gnu/libtinfo.so.6.4)
==12971==    by 0x4AEE7D6: tgetent_sp (in /usr/lib/x86_64-linux-gnu/libtinfo.so.6.4)
==12971==    by 0x48A2CE4: _rl_init_terminal_io (in /usr/lib/x86_64-linux-gnu/libreadline.so.8.2)
==12971==    by 0x488E5D7: rl_initialize (in /usr/lib/x86_64-linux-gnu/libreadline.so.8.2)
==12971==    by 0x488E896: readline (in /usr/lib/x86_64-linux-gnu/libreadline.so.8.2)
==12971==    by 0x109410: main (main.c:74)
==12971== 
==12971== 16 bytes in 1 blocks are still reachable in loss record 12 of 73
==12971==    at 0x4846828: malloc (in /usr/libexec/valgrind/vgpreload_memcheck-amd64-linux.so)
==12971==    by 0x488E6F1: rl_initialize (in /usr/lib/x86_64-linux-gnu/libreadline.so.8.2)
==12971==    by 0x488E896: readline (in /usr/lib/x86_64-linux-gnu/libreadline.so.8.2)
==12971==    by 0x109410: main (main.c:74)
==12971== 
==12971== 20 bytes in 1 blocks are still reachable in loss record 13 of 73
==12971==    at 0x4846828: malloc (in /usr/libexec/valgrind/vgpreload_memcheck-amd64-linux.so)
==12971==    by 0x48A70EC: xmalloc (in /usr/lib/x86_64-linux-gnu/libreadline.so.8.2)
==12971==    by 0x4891B93: ??? (in /usr/lib/x86_64-linux-gnu/libreadline.so.8.2)
==12971==    by 0x48946AB: rl_parse_and_bind (in /usr/lib/x86_64-linux-gnu/libreadline.so.8.2)
==12971==    by 0x4894AAB: ??? (in /usr/lib/x86_64-linux-gnu/libreadline.so.8.2)
==12971==    by 0x488E600: rl_initialize (in /usr/lib/x86_64-linux-gnu/libreadline.so.8.2)
==12971==    by 0x488E896: readline (in /usr/lib/x86_64-linux-gnu/libreadline.so.8.2)
==12971==    by 0x109410: main (main.c:74)
==12971== 
==12971== 22 bytes in 1 blocks are still reachable in loss record 14 of 73
==12971==    at 0x4846828: malloc (in /usr/libexec/valgrind/vgpreload_memcheck-amd64-linux.so)
==12971==    by 0x4AE3997: _nc_home_terminfo (in /usr/lib/x86_64-linux-gnu/libtinfo.so.6.4)
==12971==    by 0x4AE3F88: _nc_first_db (in /usr/lib/x86_64-linux-gnu/libtinfo.so.6.4)
==12971==    by 0x4AF2A8A: _nc_read_entry2 (in /usr/lib/x86_64-linux-gnu/libtinfo.so.6.4)
==12971==    by 0x4AEE135: ??? (in /usr/lib/x86_64-linux-gnu/libtinfo.so.6.4)
==12971==    by 0x4AEE2C5: _nc_setupterm (in /usr/lib/x86_64-linux-gnu/libtinfo.so.6.4)
==12971==    by 0x4AEE7D6: tgetent_sp (in /usr/lib/x86_64-linux-gnu/libtinfo.so.6.4)
==12971==    by 0x48A2CE4: _rl_init_terminal_io (in /usr/lib/x86_64-linux-gnu/libreadline.so.8.2)
==12971==    by 0x488E5D7: rl_initialize (in /usr/lib/x86_64-linux-gnu/libreadline.so.8.2)
==12971==    by 0x488E896: readline (in /usr/lib/x86_64-linux-gnu/libreadline.so.8.2)
==12971==    by 0x109410: main (main.c:74)
==12971== 
==12971== 24 bytes in 1 blocks are still reachable in loss record 15 of 73
==12971==    at 0x4846828: malloc (in /usr/libexec/valgrind/vgpreload_memcheck-amd64-linux.so)
==12971==    by 0x49E8510: tsearch (tsearch.c:337)
==12971==    by 0x4AE66C7: ??? (in /usr/lib/x86_64-linux-gnu/libtinfo.so.6.4)
==12971==    by 0x4AEB278: _nc_tiparm (in /usr/lib/x86_64-linux-gnu/libtinfo.so.6.4)
==12971==    by 0x4AF1F4F: ??? (in /usr/lib/x86_64-linux-gnu/libtinfo.so.6.4)
==12971==    by 0x4AF1FD9: _nc_trim_sgr0 (in /usr/lib/x86_64-linux-gnu/libtinfo.so.6.4)
==12971==    by 0x4AEE9B7: tgetent_sp (in /usr/lib/x86_64-linux-gnu/libtinfo.so.6.4)
==12971==    by 0x48A2CE4: _rl_init_terminal_io (in /usr/lib/x86_64-linux-gnu/libreadline.so.8.2)
==12971==    by 0x488E5D7: rl_initialize (in /usr/lib/x86_64-linux-gnu/libreadline.so.8.2)
==12971==    by 0x488E896: readline (in /usr/lib/x86_64-linux-gnu/libreadline.so.8.2)
==12971==    by 0x109410: main (main.c:74)
==12971== 
==12971== 47 bytes in 1 blocks are still reachable in loss record 16 of 73
==12971==    at 0x484DB80: realloc (in /usr/libexec/valgrind/vgpreload_memcheck-amd64-linux.so)
==12971==    by 0x4AE29DC: _nc_doalloc (in /usr/lib/x86_64-linux-gnu/libtinfo.so.6.4)
==12971==    by 0x4AF14A8: _nc_read_termtype (in /usr/lib/x86_64-linux-gnu/libtinfo.so.6.4)
==12971==    by 0x4AF25C1: _nc_read_file_entry (in /usr/lib/x86_64-linux-gnu/libtinfo.so.6.4)
==12971==    by 0x4AF294C: ??? (in /usr/lib/x86_64-linux-gnu/libtinfo.so.6.4)
==12971==    by 0x4AF2AB0: _nc_read_entry2 (in /usr/lib/x86_64-linux-gnu/libtinfo.so.6.4)
==12971==    by 0x4AEE135: ??? (in /usr/lib/x86_64-linux-gnu/libtinfo.so.6.4)
==12971==    by 0x4AEE2C5: _nc_setupterm (in /usr/lib/x86_64-linux-gnu/libtinfo.so.6.4)
==12971==    by 0x4AEE7D6: tgetent_sp (in /usr/lib/x86_64-linux-gnu/libtinfo.so.6.4)
==12971==    by 0x48A2CE4: _rl_init_terminal_io (in /usr/lib/x86_64-linux-gnu/libreadline.so.8.2)
==12971==    by 0x488E5D7: rl_initialize (in /usr/lib/x86_64-linux-gnu/libreadline.so.8.2)
==12971==    by 0x488E896: readline (in /usr/lib/x86_64-linux-gnu/libreadline.so.8.2)
==12971== 
==12971== 47 bytes in 1 blocks are still reachable in loss record 17 of 73
==12971==    at 0x4846828: malloc (in /usr/libexec/valgrind/vgpreload_memcheck-amd64-linux.so)
==12971==    by 0x4AE2000: ??? (in /usr/lib/x86_64-linux-gnu/libtinfo.so.6.4)
==12971==    by 0x4AEE2F7: _nc_setupterm (in /usr/lib/x86_64-linux-gnu/libtinfo.so.6.4)
==12971==    by 0x4AEE7D6: tgetent_sp (in /usr/lib/x86_64-linux-gnu/libtinfo.so.6.4)
==12971==    by 0x48A2CE4: _rl_init_terminal_io (in /usr/lib/x86_64-linux-gnu/libreadline.so.8.2)
==12971==    by 0x488E5D7: rl_initialize (in /usr/lib/x86_64-linux-gnu/libreadline.so.8.2)
==12971==    by 0x488E896: readline (in /usr/lib/x86_64-linux-gnu/libreadline.so.8.2)
==12971==    by 0x109410: main (main.c:74)
==12971== 
==12971== 48 bytes in 1 blocks are still reachable in loss record 18 of 73
==12971==    at 0x484D953: calloc (in /usr/libexec/valgrind/vgpreload_memcheck-amd64-linux.so)
==12971==    by 0x4AE3B9B: _nc_first_db (in /usr/lib/x86_64-linux-gnu/libtinfo.so.6.4)
==12971==    by 0x4AF2A8A: _nc_read_entry2 (in /usr/lib/x86_64-linux-gnu/libtinfo.so.6.4)
==12971==    by 0x4AEE135: ??? (in /usr/lib/x86_64-linux-gnu/libtinfo.so.6.4)
==12971==    by 0x4AEE2C5: _nc_setupterm (in /usr/lib/x86_64-linux-gnu/libtinfo.so.6.4)
==12971==    by 0x4AEE7D6: tgetent_sp (in /usr/lib/x86_64-linux-gnu/libtinfo.so.6.4)
==12971==    by 0x48A2CE4: _rl_init_terminal_io (in /usr/lib/x86_64-linux-gnu/libreadline.so.8.2)
==12971==    by 0x488E5D7: rl_initialize (in /usr/lib/x86_64-linux-gnu/libreadline.so.8.2)
==12971==    by 0x488E896: readline (in /usr/lib/x86_64-linux-gnu/libreadline.so.8.2)
==12971==    by 0x109410: main (main.c:74)
==12971== 
==12971== 78 bytes in 1 blocks are still reachable in loss record 19 of 73
==12971==    at 0x4846828: malloc (in /usr/libexec/valgrind/vgpreload_memcheck-amd64-linux.so)
==12971==    by 0x4AE2129: ??? (in /usr/lib/x86_64-linux-gnu/libtinfo.so.6.4)
==12971==    by 0x4AEE2F7: _nc_setupterm (in /usr/lib/x86_64-linux-gnu/libtinfo.so.6.4)
==12971==    by 0x4AEE7D6: tgetent_sp (in /usr/lib/x86_64-linux-gnu/libtinfo.so.6.4)
==12971==    by 0x48A2CE4: _rl_init_terminal_io (in /usr/lib/x86_64-linux-gnu/libreadline.so.8.2)
==12971==    by 0x488E5D7: rl_initialize (in /usr/lib/x86_64-linux-gnu/libreadline.so.8.2)
==12971==    by 0x488E896: readline (in /usr/lib/x86_64-linux-gnu/libreadline.so.8.2)
==12971==    by 0x109410: main (main.c:74)
==12971== 
==12971== 91 bytes in 1 blocks are still reachable in loss record 20 of 73
==12971==    at 0x4846828: malloc (in /usr/libexec/valgrind/vgpreload_memcheck-amd64-linux.so)
==12971==    by 0x4AE3AFF: _nc_first_db (in /usr/lib/x86_64-linux-gnu/libtinfo.so.6.4)
==12971==    by 0x4AF2A8A: _nc_read_entry2 (in /usr/lib/x86_64-linux-gnu/libtinfo.so.6.4)
==12971==    by 0x4AEE135: ??? (in /usr/lib/x86_64-linux-gnu/libtinfo.so.6.4)
==12971==    by 0x4AEE2C5: _nc_setupterm (in /usr/lib/x86_64-linux-gnu/libtinfo.so.6.4)
==12971==    by 0x4AEE7D6: tgetent_sp (in /usr/lib/x86_64-linux-gnu/libtinfo.so.6.4)
==12971==    by 0x48A2CE4: _rl_init_terminal_io (in /usr/lib/x86_64-linux-gnu/libreadline.so.8.2)
==12971==    by 0x488E5D7: rl_initialize (in /usr/lib/x86_64-linux-gnu/libreadline.so.8.2)
==12971==    by 0x488E896: readline (in /usr/lib/x86_64-linux-gnu/libreadline.so.8.2)
==12971==    by 0x109410: main (main.c:74)
==12971== 
==12971== 93 bytes in 1 blocks are still reachable in loss record 21 of 73
==12971==    at 0x4846828: malloc (in /usr/libexec/valgrind/vgpreload_memcheck-amd64-linux.so)
==12971==    by 0x497435E: strdup (strdup.c:42)
==12971==    by 0x4AE66A5: ??? (in /usr/lib/x86_64-linux-gnu/libtinfo.so.6.4)
==12971==    by 0x4AEB278: _nc_tiparm (in /usr/lib/x86_64-linux-gnu/libtinfo.so.6.4)
==12971==    by 0x4AF1F4F: ??? (in /usr/lib/x86_64-linux-gnu/libtinfo.so.6.4)
==12971==    by 0x4AF1FD9: _nc_trim_sgr0 (in /usr/lib/x86_64-linux-gnu/libtinfo.so.6.4)
==12971==    by 0x4AEE9B7: tgetent_sp (in /usr/lib/x86_64-linux-gnu/libtinfo.so.6.4)
==12971==    by 0x48A2CE4: _rl_init_terminal_io (in /usr/lib/x86_64-linux-gnu/libreadline.so.8.2)
==12971==    by 0x488E5D7: rl_initialize (in /usr/lib/x86_64-linux-gnu/libreadline.so.8.2)
==12971==    by 0x488E896: readline (in /usr/lib/x86_64-linux-gnu/libreadline.so.8.2)
==12971==    by 0x109410: main (main.c:74)
==12971== 
==12971== 94 bytes in 1 blocks are still reachable in loss record 22 of 73
==12971==    at 0x4846828: malloc (in /usr/libexec/valgrind/vgpreload_memcheck-amd64-linux.so)
==12971==    by 0x4AE6237: _nc_tparm_analyze (in /usr/lib/x86_64-linux-gnu/libtinfo.so.6.4)
==12971==    by 0x4AE65B2: ??? (in /usr/lib/x86_64-linux-gnu/libtinfo.so.6.4)
==12971==    by 0x4AEB278: _nc_tiparm (in /usr/lib/x86_64-linux-gnu/libtinfo.so.6.4)
==12971==    by 0x4AF1F4F: ??? (in /usr/lib/x86_64-linux-gnu/libtinfo.so.6.4)
==12971==    by 0x4AF1FD9: _nc_trim_sgr0 (in /usr/lib/x86_64-linux-gnu/libtinfo.so.6.4)
==12971==    by 0x4AEE9B7: tgetent_sp (in /usr/lib/x86_64-linux-gnu/libtinfo.so.6.4)
==12971==    by 0x48A2CE4: _rl_init_terminal_io (in /usr/lib/x86_64-linux-gnu/libreadline.so.8.2)
==12971==    by 0x488E5D7: rl_initialize (in /usr/lib/x86_64-linux-gnu/libreadline.so.8.2)
==12971==    by 0x488E896: readline (in /usr/lib/x86_64-linux-gnu/libreadline.so.8.2)
==12971==    by 0x109410: main (main.c:74)
==12971== 
==12971== 156 bytes in 1 blocks are still reachable in loss record 23 of 73
==12971==    at 0x484DB80: realloc (in /usr/libexec/valgrind/vgpreload_memcheck-amd64-linux.so)
==12971==    by 0x4AE29DC: _nc_doalloc (in /usr/lib/x86_64-linux-gnu/libtinfo.so.6.4)
==12971==    by 0x4AF14C6: _nc_read_termtype (in /usr/lib/x86_64-linux-gnu/libtinfo.so.6.4)
==12971==    by 0x4AF25C1: _nc_read_file_entry (in /usr/lib/x86_64-linux-gnu/libtinfo.so.6.4)
==12971==    by 0x4AF294C: ??? (in /usr/lib/x86_64-linux-gnu/libtinfo.so.6.4)
==12971==    by 0x4AF2AB0: _nc_read_entry2 (in /usr/lib/x86_64-linux-gnu/libtinfo.so.6.4)
==12971==    by 0x4AEE135: ??? (in /usr/lib/x86_64-linux-gnu/libtinfo.so.6.4)
==12971==    by 0x4AEE2C5: _nc_setupterm (in /usr/lib/x86_64-linux-gnu/libtinfo.so.6.4)
==12971==    by 0x4AEE7D6: tgetent_sp (in /usr/lib/x86_64-linux-gnu/libtinfo.so.6.4)
==12971==    by 0x48A2CE4: _rl_init_terminal_io (in /usr/lib/x86_64-linux-gnu/libreadline.so.8.2)
==12971==    by 0x488E5D7: rl_initialize (in /usr/lib/x86_64-linux-gnu/libreadline.so.8.2)
==12971==    by 0x488E896: readline (in /usr/lib/x86_64-linux-gnu/libreadline.so.8.2)
==12971== 
==12971== 168 bytes in 1 blocks are still reachable in loss record 24 of 73
==12971==    at 0x484D953: calloc (in /usr/libexec/valgrind/vgpreload_memcheck-amd64-linux.so)
==12971==    by 0x4AE661E: ??? (in /usr/lib/x86_64-linux-gnu/libtinfo.so.6.4)
==12971==    by 0x4AEB278: _nc_tiparm (in /usr/lib/x86_64-linux-gnu/libtinfo.so.6.4)
==12971==    by 0x4AF1F4F: ??? (in /usr/lib/x86_64-linux-gnu/libtinfo.so.6.4)
==12971==    by 0x4AF1FD9: _nc_trim_sgr0 (in /usr/lib/x86_64-linux-gnu/libtinfo.so.6.4)
==12971==    by 0x4AEE9B7: tgetent_sp (in /usr/lib/x86_64-linux-gnu/libtinfo.so.6.4)
==12971==    by 0x48A2CE4: _rl_init_terminal_io (in /usr/lib/x86_64-linux-gnu/libreadline.so.8.2)
==12971==    by 0x488E5D7: rl_initialize (in /usr/lib/x86_64-linux-gnu/libreadline.so.8.2)
==12971==    by 0x488E896: readline (in /usr/lib/x86_64-linux-gnu/libreadline.so.8.2)
==12971==    by 0x109410: main (main.c:74)
==12971== 
==12971== 256 bytes in 1 blocks are still reachable in loss record 25 of 73
==12971==    at 0x4846828: malloc (in /usr/libexec/valgrind/vgpreload_memcheck-amd64-linux.so)
==12971==    by 0x48A70EC: xmalloc (in /usr/lib/x86_64-linux-gnu/libreadline.so.8.2)
==12971==    by 0x488E846: rl_initialize (in /usr/lib/x86_64-linux-gnu/libreadline.so.8.2)
==12971==    by 0x488E896: readline (in /usr/lib/x86_64-linux-gnu/libreadline.so.8.2)
==12971==    by 0x109410: main (main.c:74)
==12971== 
==12971== 712 bytes in 1 blocks are still reachable in loss record 26 of 73
==12971==    at 0x484D953: calloc (in /usr/libexec/valgrind/vgpreload_memcheck-amd64-linux.so)
==12971==    by 0x4AF1783: _nc_read_termtype (in /usr/lib/x86_64-linux-gnu/libtinfo.so.6.4)
==12971==    by 0x4AF25C1: _nc_read_file_entry (in /usr/lib/x86_64-linux-gnu/libtinfo.so.6.4)
==12971==    by 0x4AF294C: ??? (in /usr/lib/x86_64-linux-gnu/libtinfo.so.6.4)
==12971==    by 0x4AF2AB0: _nc_read_entry2 (in /usr/lib/x86_64-linux-gnu/libtinfo.so.6.4)
==12971==    by 0x4AEE135: ??? (in /usr/lib/x86_64-linux-gnu/libtinfo.so.6.4)
==12971==    by 0x4AEE2C5: _nc_setupterm (in /usr/lib/x86_64-linux-gnu/libtinfo.so.6.4)
==12971==    by 0x4AEE7D6: tgetent_sp (in /usr/lib/x86_64-linux-gnu/libtinfo.so.6.4)
==12971==    by 0x48A2CE4: _rl_init_terminal_io (in /usr/lib/x86_64-linux-gnu/libreadline.so.8.2)
==12971==    by 0x488E5D7: rl_initialize (in /usr/lib/x86_64-linux-gnu/libreadline.so.8.2)
==12971==    by 0x488E896: readline (in /usr/lib/x86_64-linux-gnu/libreadline.so.8.2)
==12971==    by 0x109410: main (main.c:74)
==12971== 
==12971== 712 bytes in 1 blocks are still reachable in loss record 27 of 73
==12971==    at 0x4846828: malloc (in /usr/libexec/valgrind/vgpreload_memcheck-amd64-linux.so)
==12971==    by 0x4AE227D: ??? (in /usr/lib/x86_64-linux-gnu/libtinfo.so.6.4)
==12971==    by 0x4AEE2F7: _nc_setupterm (in /usr/lib/x86_64-linux-gnu/libtinfo.so.6.4)
==12971==    by 0x4AEE7D6: tgetent_sp (in /usr/lib/x86_64-linux-gnu/libtinfo.so.6.4)
==12971==    by 0x48A2CE4: _rl_init_terminal_io (in /usr/lib/x86_64-linux-gnu/libreadline.so.8.2)
==12971==    by 0x488E5D7: rl_initialize (in /usr/lib/x86_64-linux-gnu/libreadline.so.8.2)
==12971==    by 0x488E896: readline (in /usr/lib/x86_64-linux-gnu/libreadline.so.8.2)
==12971==    by 0x109410: main (main.c:74)
==12971== 
==12971== 760 bytes in 1 blocks are still reachable in loss record 28 of 73
==12971==    at 0x484D953: calloc (in /usr/libexec/valgrind/vgpreload_memcheck-amd64-linux.so)
==12971==    by 0x4AEE26F: _nc_setupterm (in /usr/lib/x86_64-linux-gnu/libtinfo.so.6.4)
==12971==    by 0x4AEE7D6: tgetent_sp (in /usr/lib/x86_64-linux-gnu/libtinfo.so.6.4)
==12971==    by 0x48A2CE4: _rl_init_terminal_io (in /usr/lib/x86_64-linux-gnu/libreadline.so.8.2)
==12971==    by 0x488E5D7: rl_initialize (in /usr/lib/x86_64-linux-gnu/libreadline.so.8.2)
==12971==    by 0x488E896: readline (in /usr/lib/x86_64-linux-gnu/libreadline.so.8.2)
==12971==    by 0x109410: main (main.c:74)
==12971== 
==12971== 1,024 bytes in 1 blocks are still reachable in loss record 29 of 73
==12971==    at 0x4846828: malloc (in /usr/libexec/valgrind/vgpreload_memcheck-amd64-linux.so)
==12971==    by 0x48A7C97: xrealloc (in /usr/lib/x86_64-linux-gnu/libreadline.so.8.2)
==12971==    by 0x48909C2: ??? (in /usr/lib/x86_64-linux-gnu/libreadline.so.8.2)
==12971==    by 0x4890AB8: ??? (in /usr/lib/x86_64-linux-gnu/libreadline.so.8.2)
==12971==    by 0x489A1D6: rl_redisplay (in /usr/lib/x86_64-linux-gnu/libreadline.so.8.2)
==12971==    by 0x4883C6D: readline_internal_setup (in /usr/lib/x86_64-linux-gnu/libreadline.so.8.2)
==12971==    by 0x488E8BA: readline (in /usr/lib/x86_64-linux-gnu/libreadline.so.8.2)
==12971==    by 0x109410: main (main.c:74)
==12971== 
==12971== 1,024 bytes in 1 blocks are still reachable in loss record 30 of 73
==12971==    at 0x4846828: malloc (in /usr/libexec/valgrind/vgpreload_memcheck-amd64-linux.so)
==12971==    by 0x48A7C97: xrealloc (in /usr/lib/x86_64-linux-gnu/libreadline.so.8.2)
==12971==    by 0x48909D1: ??? (in /usr/lib/x86_64-linux-gnu/libreadline.so.8.2)
==12971==    by 0x4890AB8: ??? (in /usr/lib/x86_64-linux-gnu/libreadline.so.8.2)
==12971==    by 0x489A1D6: rl_redisplay (in /usr/lib/x86_64-linux-gnu/libreadline.so.8.2)
==12971==    by 0x4883C6D: readline_internal_setup (in /usr/lib/x86_64-linux-gnu/libreadline.so.8.2)
==12971==    by 0x488E8BA: readline (in /usr/lib/x86_64-linux-gnu/libreadline.so.8.2)
==12971==    by 0x109410: main (main.c:74)
==12971== 
==12971== 1,024 bytes in 1 blocks are still reachable in loss record 31 of 73
==12971==    at 0x4846828: malloc (in /usr/libexec/valgrind/vgpreload_memcheck-amd64-linux.so)
==12971==    by 0x48A7C97: xrealloc (in /usr/lib/x86_64-linux-gnu/libreadline.so.8.2)
==12971==    by 0x48909E8: ??? (in /usr/lib/x86_64-linux-gnu/libreadline.so.8.2)
==12971==    by 0x4890AB8: ??? (in /usr/lib/x86_64-linux-gnu/libreadline.so.8.2)
==12971==    by 0x489A1D6: rl_redisplay (in /usr/lib/x86_64-linux-gnu/libreadline.so.8.2)
==12971==    by 0x4883C6D: readline_internal_setup (in /usr/lib/x86_64-linux-gnu/libreadline.so.8.2)
==12971==    by 0x488E8BA: readline (in /usr/lib/x86_64-linux-gnu/libreadline.so.8.2)
==12971==    by 0x109410: main (main.c:74)
==12971== 
==12971== 1,024 bytes in 1 blocks are still reachable in loss record 32 of 73
==12971==    at 0x4846828: malloc (in /usr/libexec/valgrind/vgpreload_memcheck-amd64-linux.so)
==12971==    by 0x48A7C97: xrealloc (in /usr/lib/x86_64-linux-gnu/libreadline.so.8.2)
==12971==    by 0x4890A01: ??? (in /usr/lib/x86_64-linux-gnu/libreadline.so.8.2)
==12971==    by 0x4890AB8: ??? (in /usr/lib/x86_64-linux-gnu/libreadline.so.8.2)
==12971==    by 0x489A1D6: rl_redisplay (in /usr/lib/x86_64-linux-gnu/libreadline.so.8.2)
==12971==    by 0x4883C6D: readline_internal_setup (in /usr/lib/x86_64-linux-gnu/libreadline.so.8.2)
==12971==    by 0x488E8BA: readline (in /usr/lib/x86_64-linux-gnu/libreadline.so.8.2)
==12971==    by 0x109410: main (main.c:74)
==12971== 
==12971== 1,024 bytes in 1 blocks are still reachable in loss record 33 of 73
==12971==    at 0x4846828: malloc (in /usr/libexec/valgrind/vgpreload_memcheck-amd64-linux.so)
==12971==    by 0x48A70EC: xmalloc (in /usr/lib/x86_64-linux-gnu/libreadline.so.8.2)
==12971==    by 0x4890B17: ??? (in /usr/lib/x86_64-linux-gnu/libreadline.so.8.2)
==12971==    by 0x489A1D6: rl_redisplay (in /usr/lib/x86_64-linux-gnu/libreadline.so.8.2)
==12971==    by 0x4883C6D: readline_internal_setup (in /usr/lib/x86_64-linux-gnu/libreadline.so.8.2)
==12971==    by 0x488E8BA: readline (in /usr/lib/x86_64-linux-gnu/libreadline.so.8.2)
==12971==    by 0x109410: main (main.c:74)
==12971== 
==12971== 1,024 bytes in 1 blocks are still reachable in loss record 34 of 73
==12971==    at 0x4846828: malloc (in /usr/libexec/valgrind/vgpreload_memcheck-amd64-linux.so)
==12971==    by 0x48A70EC: xmalloc (in /usr/lib/x86_64-linux-gnu/libreadline.so.8.2)
==12971==    by 0x4890B2E: ??? (in /usr/lib/x86_64-linux-gnu/libreadline.so.8.2)
==12971==    by 0x489A1D6: rl_redisplay (in /usr/lib/x86_64-linux-gnu/libreadline.so.8.2)
==12971==    by 0x4883C6D: readline_internal_setup (in /usr/lib/x86_64-linux-gnu/libreadline.so.8.2)
==12971==    by 0x488E8BA: readline (in /usr/lib/x86_64-linux-gnu/libreadline.so.8.2)
==12971==    by 0x109410: main (main.c:74)
==12971== 
==12971== 1,024 bytes in 1 blocks are still reachable in loss record 35 of 73
==12971==    at 0x4846828: malloc (in /usr/libexec/valgrind/vgpreload_memcheck-amd64-linux.so)
==12971==    by 0x48A70EC: xmalloc (in /usr/lib/x86_64-linux-gnu/libreadline.so.8.2)
==12971==    by 0x4890B3D: ??? (in /usr/lib/x86_64-linux-gnu/libreadline.so.8.2)
==12971==    by 0x489A1D6: rl_redisplay (in /usr/lib/x86_64-linux-gnu/libreadline.so.8.2)
==12971==    by 0x4883C6D: readline_internal_setup (in /usr/lib/x86_64-linux-gnu/libreadline.so.8.2)
==12971==    by 0x488E8BA: readline (in /usr/lib/x86_64-linux-gnu/libreadline.so.8.2)
==12971==    by 0x109410: main (main.c:74)
==12971== 
==12971== 1,024 bytes in 1 blocks are still reachable in loss record 36 of 73
==12971==    at 0x4846828: malloc (in /usr/libexec/valgrind/vgpreload_memcheck-amd64-linux.so)
==12971==    by 0x48A70EC: xmalloc (in /usr/lib/x86_64-linux-gnu/libreadline.so.8.2)
==12971==    by 0x4890B4C: ??? (in /usr/lib/x86_64-linux-gnu/libreadline.so.8.2)
==12971==    by 0x489A1D6: rl_redisplay (in /usr/lib/x86_64-linux-gnu/libreadline.so.8.2)
==12971==    by 0x4883C6D: readline_internal_setup (in /usr/lib/x86_64-linux-gnu/libreadline.so.8.2)
==12971==    by 0x488E8BA: readline (in /usr/lib/x86_64-linux-gnu/libreadline.so.8.2)
==12971==    by 0x109410: main (main.c:74)
==12971== 
==12971== 1,107 bytes in 1 blocks are still reachable in loss record 37 of 73
==12971==    at 0x4846828: malloc (in /usr/libexec/valgrind/vgpreload_memcheck-amd64-linux.so)
==12971==    by 0x4AF166A: _nc_read_termtype (in /usr/lib/x86_64-linux-gnu/libtinfo.so.6.4)
==12971==    by 0x4AF25C1: _nc_read_file_entry (in /usr/lib/x86_64-linux-gnu/libtinfo.so.6.4)
==12971==    by 0x4AF294C: ??? (in /usr/lib/x86_64-linux-gnu/libtinfo.so.6.4)
==12971==    by 0x4AF2AB0: _nc_read_entry2 (in /usr/lib/x86_64-linux-gnu/libtinfo.so.6.4)
==12971==    by 0x4AEE135: ??? (in /usr/lib/x86_64-linux-gnu/libtinfo.so.6.4)
==12971==    by 0x4AEE2C5: _nc_setupterm (in /usr/lib/x86_64-linux-gnu/libtinfo.so.6.4)
==12971==    by 0x4AEE7D6: tgetent_sp (in /usr/lib/x86_64-linux-gnu/libtinfo.so.6.4)
==12971==    by 0x48A2CE4: _rl_init_terminal_io (in /usr/lib/x86_64-linux-gnu/libreadline.so.8.2)
==12971==    by 0x488E5D7: rl_initialize (in /usr/lib/x86_64-linux-gnu/libreadline.so.8.2)
==12971==    by 0x488E896: readline (in /usr/lib/x86_64-linux-gnu/libreadline.so.8.2)
==12971==    by 0x109410: main (main.c:74)
==12971== 
==12971== 1,108 bytes in 1 blocks are still reachable in loss record 38 of 73
==12971==    at 0x484D953: calloc (in /usr/libexec/valgrind/vgpreload_memcheck-amd64-linux.so)
==12971==    by 0x4AE2418: ??? (in /usr/lib/x86_64-linux-gnu/libtinfo.so.6.4)
==12971==    by 0x4AEE2F7: _nc_setupterm (in /usr/lib/x86_64-linux-gnu/libtinfo.so.6.4)
==12971==    by 0x4AEE7D6: tgetent_sp (in /usr/lib/x86_64-linux-gnu/libtinfo.so.6.4)
==12971==    by 0x48A2CE4: _rl_init_terminal_io (in /usr/lib/x86_64-linux-gnu/libreadline.so.8.2)
==12971==    by 0x488E5D7: rl_initialize (in /usr/lib/x86_64-linux-gnu/libreadline.so.8.2)
==12971==    by 0x488E896: readline (in /usr/lib/x86_64-linux-gnu/libreadline.so.8.2)
==12971==    by 0x109410: main (main.c:74)
==12971== 
==12971== 1,536 bytes in 1 blocks are still reachable in loss record 39 of 73
==12971==    at 0x484DB80: realloc (in /usr/libexec/valgrind/vgpreload_memcheck-amd64-linux.so)
==12971==    by 0x48A7C81: xrealloc (in /usr/lib/x86_64-linux-gnu/libreadline.so.8.2)
==12971==    by 0x4884017: rl_add_funmap_entry (in /usr/lib/x86_64-linux-gnu/libreadline.so.8.2)
==12971==    by 0x4884057: rl_initialize_funmap (in /usr/lib/x86_64-linux-gnu/libreadline.so.8.2)
==12971==    by 0x488E5F4: rl_initialize (in /usr/lib/x86_64-linux-gnu/libreadline.so.8.2)
==12971==    by 0x488E896: readline (in /usr/lib/x86_64-linux-gnu/libreadline.so.8.2)
==12971==    by 0x109410: main (main.c:74)
==12971== 
==12971== 1,664 bytes in 1 blocks are still reachable in loss record 40 of 73
==12971==    at 0x4846828: malloc (in /usr/libexec/valgrind/vgpreload_memcheck-amd64-linux.so)
==12971==    by 0x4AF0CFD: _nc_read_termtype (in /usr/lib/x86_64-linux-gnu/libtinfo.so.6.4)
==12971==    by 0x4AF25C1: _nc_read_file_entry (in /usr/lib/x86_64-linux-gnu/libtinfo.so.6.4)
==12971==    by 0x4AF294C: ??? (in /usr/lib/x86_64-linux-gnu/libtinfo.so.6.4)
==12971==    by 0x4AF2AB0: _nc_read_entry2 (in /usr/lib/x86_64-linux-gnu/libtinfo.so.6.4)
==12971==    by 0x4AEE135: ??? (in /usr/lib/x86_64-linux-gnu/libtinfo.so.6.4)
==12971==    by 0x4AEE2C5: _nc_setupterm (in /usr/lib/x86_64-linux-gnu/libtinfo.so.6.4)
==12971==    by 0x4AEE7D6: tgetent_sp (in /usr/lib/x86_64-linux-gnu/libtinfo.so.6.4)
==12971==    by 0x48A2CE4: _rl_init_terminal_io (in /usr/lib/x86_64-linux-gnu/libreadline.so.8.2)
==12971==    by 0x488E5D7: rl_initialize (in /usr/lib/x86_64-linux-gnu/libreadline.so.8.2)
==12971==    by 0x488E896: readline (in /usr/lib/x86_64-linux-gnu/libreadline.so.8.2)
==12971==    by 0x109410: main (main.c:74)
==12971== 
==12971== 2,032 bytes in 1 blocks are still reachable in loss record 41 of 73
==12971==    at 0x4846828: malloc (in /usr/libexec/valgrind/vgpreload_memcheck-amd64-linux.so)
==12971==    by 0x48A70EC: xmalloc (in /usr/lib/x86_64-linux-gnu/libreadline.so.8.2)
==12971==    by 0x48A2F69: _rl_init_terminal_io (in /usr/lib/x86_64-linux-gnu/libreadline.so.8.2)
==12971==    by 0x488E5D7: rl_initialize (in /usr/lib/x86_64-linux-gnu/libreadline.so.8.2)
==12971==    by 0x488E896: readline (in /usr/lib/x86_64-linux-gnu/libreadline.so.8.2)
==12971==    by 0x109410: main (main.c:74)
==12971== 
==12971== 2,272 bytes in 142 blocks are still reachable in loss record 42 of 73
==12971==    at 0x4846828: malloc (in /usr/libexec/valgrind/vgpreload_memcheck-amd64-linux.so)
==12971==    by 0x48A70EC: xmalloc (in /usr/lib/x86_64-linux-gnu/libreadline.so.8.2)
==12971==    by 0x4883FD0: rl_add_funmap_entry (in /usr/lib/x86_64-linux-gnu/libreadline.so.8.2)
==12971==    by 0x4884057: rl_initialize_funmap (in /usr/lib/x86_64-linux-gnu/libreadline.so.8.2)
==12971==    by 0x488E5F4: rl_initialize (in /usr/lib/x86_64-linux-gnu/libreadline.so.8.2)
==12971==    by 0x488E896: readline (in /usr/lib/x86_64-linux-gnu/libreadline.so.8.2)
==12971==    by 0x109410: main (main.c:74)
==12971== 
==12971== 2,337 bytes in 1 blocks are still reachable in loss record 43 of 73
==12971==    at 0x4846828: malloc (in /usr/libexec/valgrind/vgpreload_memcheck-amd64-linux.so)
==12971==    by 0x4AE2210: ??? (in /usr/lib/x86_64-linux-gnu/libtinfo.so.6.4)
==12971==    by 0x4AEE2F7: _nc_setupterm (in /usr/lib/x86_64-linux-gnu/libtinfo.so.6.4)
==12971==    by 0x4AEE7D6: tgetent_sp (in /usr/lib/x86_64-linux-gnu/libtinfo.so.6.4)
==12971==    by 0x48A2CE4: _rl_init_terminal_io (in /usr/lib/x86_64-linux-gnu/libreadline.so.8.2)
==12971==    by 0x488E5D7: rl_initialize (in /usr/lib/x86_64-linux-gnu/libreadline.so.8.2)
==12971==    by 0x488E896: readline (in /usr/lib/x86_64-linux-gnu/libreadline.so.8.2)
==12971==    by 0x109410: main (main.c:74)
==12971== 
==12971== 4,000 bytes in 1 blocks are still reachable in loss record 44 of 73
==12971==    at 0x484DB80: realloc (in /usr/libexec/valgrind/vgpreload_memcheck-amd64-linux.so)
==12971==    by 0x4AE29DC: _nc_doalloc (in /usr/lib/x86_64-linux-gnu/libtinfo.so.6.4)
==12971==    by 0x4AF14E4: _nc_read_termtype (in /usr/lib/x86_64-linux-gnu/libtinfo.so.6.4)
==12971==    by 0x4AF25C1: _nc_read_file_entry (in /usr/lib/x86_64-linux-gnu/libtinfo.so.6.4)
==12971==    by 0x4AF294C: ??? (in /usr/lib/x86_64-linux-gnu/libtinfo.so.6.4)
==12971==    by 0x4AF2AB0: _nc_read_entry2 (in /usr/lib/x86_64-linux-gnu/libtinfo.so.6.4)
==12971==    by 0x4AEE135: ??? (in /usr/lib/x86_64-linux-gnu/libtinfo.so.6.4)
==12971==    by 0x4AEE2C5: _nc_setupterm (in /usr/lib/x86_64-linux-gnu/libtinfo.so.6.4)
==12971==    by 0x4AEE7D6: tgetent_sp (in /usr/lib/x86_64-linux-gnu/libtinfo.so.6.4)
==12971==    by 0x48A2CE4: _rl_init_terminal_io (in /usr/lib/x86_64-linux-gnu/libreadline.so.8.2)
==12971==    by 0x488E5D7: rl_initialize (in /usr/lib/x86_64-linux-gnu/libreadline.so.8.2)
==12971==    by 0x488E896: readline (in /usr/lib/x86_64-linux-gnu/libreadline.so.8.2)
==12971== 
==12971== 4,000 bytes in 1 blocks are still reachable in loss record 45 of 73
==12971==    at 0x4846828: malloc (in /usr/libexec/valgrind/vgpreload_memcheck-amd64-linux.so)
==12971==    by 0x4AE2021: ??? (in /usr/lib/x86_64-linux-gnu/libtinfo.so.6.4)
==12971==    by 0x4AEE2F7: _nc_setupterm (in /usr/lib/x86_64-linux-gnu/libtinfo.so.6.4)
==12971==    by 0x4AEE7D6: tgetent_sp (in /usr/lib/x86_64-linux-gnu/libtinfo.so.6.4)
==12971==    by 0x48A2CE4: _rl_init_terminal_io (in /usr/lib/x86_64-linux-gnu/libreadline.so.8.2)
==12971==    by 0x488E5D7: rl_initialize (in /usr/lib/x86_64-linux-gnu/libreadline.so.8.2)
==12971==    by 0x488E896: readline (in /usr/lib/x86_64-linux-gnu/libreadline.so.8.2)
==12971==    by 0x109410: main (main.c:74)
==12971== 
==12971== 4,080 bytes in 1 blocks are still reachable in loss record 46 of 73
==12971==    at 0x4846828: malloc (in /usr/libexec/valgrind/vgpreload_memcheck-amd64-linux.so)
==12971==    by 0x48A70EC: xmalloc (in /usr/lib/x86_64-linux-gnu/libreadline.so.8.2)
==12971==    by 0x48A2F49: _rl_init_terminal_io (in /usr/lib/x86_64-linux-gnu/libreadline.so.8.2)
==12971==    by 0x488E5D7: rl_initialize (in /usr/lib/x86_64-linux-gnu/libreadline.so.8.2)
==12971==    by 0x488E896: readline (in /usr/lib/x86_64-linux-gnu/libreadline.so.8.2)
==12971==    by 0x109410: main (main.c:74)
==12971== 
==12971== 4,112 bytes in 1 blocks are still reachable in loss record 47 of 73
==12971==    at 0x4846828: malloc (in /usr/libexec/valgrind/vgpreload_memcheck-amd64-linux.so)
==12971==    by 0x48A70EC: xmalloc (in /usr/lib/x86_64-linux-gnu/libreadline.so.8.2)
==12971==    by 0x48824E1: rl_make_bare_keymap (in /usr/lib/x86_64-linux-gnu/libreadline.so.8.2)
==12971==    by 0x4883398: rl_generic_bind (in /usr/lib/x86_64-linux-gnu/libreadline.so.8.2)
==12971==    by 0x488E315: rl_bind_keyseq_if_unbound_in_map (in /usr/lib/x86_64-linux-gnu/libreadline.so.8.2)
==12971==    by 0x48A27E6: ??? (in /usr/lib/x86_64-linux-gnu/libreadline.so.8.2)
==12971==    by 0x48A2E24: _rl_init_terminal_io (in /usr/lib/x86_64-linux-gnu/libreadline.so.8.2)
==12971==    by 0x488E5D7: rl_initialize (in /usr/lib/x86_64-linux-gnu/libreadline.so.8.2)
==12971==    by 0x488E896: readline (in /usr/lib/x86_64-linux-gnu/libreadline.so.8.2)
==12971==    by 0x109410: main (main.c:74)
==12971== 
==12971== 4,112 bytes in 1 blocks are still reachable in loss record 48 of 73
==12971==    at 0x4846828: malloc (in /usr/libexec/valgrind/vgpreload_memcheck-amd64-linux.so)
==12971==    by 0x48A70EC: xmalloc (in /usr/lib/x86_64-linux-gnu/libreadline.so.8.2)
==12971==    by 0x48824E1: rl_make_bare_keymap (in /usr/lib/x86_64-linux-gnu/libreadline.so.8.2)
==12971==    by 0x4883398: rl_generic_bind (in /usr/lib/x86_64-linux-gnu/libreadline.so.8.2)
==12971==    by 0x488E315: rl_bind_keyseq_if_unbound_in_map (in /usr/lib/x86_64-linux-gnu/libreadline.so.8.2)
==12971==    by 0x48A286B: ??? (in /usr/lib/x86_64-linux-gnu/libreadline.so.8.2)
==12971==    by 0x48A2E24: _rl_init_terminal_io (in /usr/lib/x86_64-linux-gnu/libreadline.so.8.2)
==12971==    by 0x488E5D7: rl_initialize (in /usr/lib/x86_64-linux-gnu/libreadline.so.8.2)
==12971==    by 0x488E896: readline (in /usr/lib/x86_64-linux-gnu/libreadline.so.8.2)
==12971==    by 0x109410: main (main.c:74)
==12971== 
==12971== 4,112 bytes in 1 blocks are still reachable in loss record 49 of 73
==12971==    at 0x4846828: malloc (in /usr/libexec/valgrind/vgpreload_memcheck-amd64-linux.so)
==12971==    by 0x48A70EC: xmalloc (in /usr/lib/x86_64-linux-gnu/libreadline.so.8.2)
==12971==    by 0x48824E1: rl_make_bare_keymap (in /usr/lib/x86_64-linux-gnu/libreadline.so.8.2)
==12971==    by 0x4883398: rl_generic_bind (in /usr/lib/x86_64-linux-gnu/libreadline.so.8.2)
==12971==    by 0x488E315: rl_bind_keyseq_if_unbound_in_map (in /usr/lib/x86_64-linux-gnu/libreadline.so.8.2)
==12971==    by 0x48A287E: ??? (in /usr/lib/x86_64-linux-gnu/libreadline.so.8.2)
==12971==    by 0x48A2E24: _rl_init_terminal_io (in /usr/lib/x86_64-linux-gnu/libreadline.so.8.2)
==12971==    by 0x488E5D7: rl_initialize (in /usr/lib/x86_64-linux-gnu/libreadline.so.8.2)
==12971==    by 0x488E896: readline (in /usr/lib/x86_64-linux-gnu/libreadline.so.8.2)
==12971==    by 0x109410: main (main.c:74)
==12971== 
==12971== 4,112 bytes in 1 blocks are still reachable in loss record 50 of 73
==12971==    at 0x4846828: malloc (in /usr/libexec/valgrind/vgpreload_memcheck-amd64-linux.so)
==12971==    by 0x48A70EC: xmalloc (in /usr/lib/x86_64-linux-gnu/libreadline.so.8.2)
==12971==    by 0x48824E1: rl_make_bare_keymap (in /usr/lib/x86_64-linux-gnu/libreadline.so.8.2)
==12971==    by 0x4883398: rl_generic_bind (in /usr/lib/x86_64-linux-gnu/libreadline.so.8.2)
==12971==    by 0x488E315: rl_bind_keyseq_if_unbound_in_map (in /usr/lib/x86_64-linux-gnu/libreadline.so.8.2)
==12971==    by 0x48A2891: ??? (in /usr/lib/x86_64-linux-gnu/libreadline.so.8.2)
==12971==    by 0x48A2E24: _rl_init_terminal_io (in /usr/lib/x86_64-linux-gnu/libreadline.so.8.2)
==12971==    by 0x488E5D7: rl_initialize (in /usr/lib/x86_64-linux-gnu/libreadline.so.8.2)
==12971==    by 0x488E896: readline (in /usr/lib/x86_64-linux-gnu/libreadline.so.8.2)
==12971==    by 0x109410: main (main.c:74)
==12971== 
==12971== 4,112 bytes in 1 blocks are still reachable in loss record 51 of 73
==12971==    at 0x4846828: malloc (in /usr/libexec/valgrind/vgpreload_memcheck-amd64-linux.so)
==12971==    by 0x48A70EC: xmalloc (in /usr/lib/x86_64-linux-gnu/libreadline.so.8.2)
==12971==    by 0x48824E1: rl_make_bare_keymap (in /usr/lib/x86_64-linux-gnu/libreadline.so.8.2)
==12971==    by 0x4883398: rl_generic_bind (in /usr/lib/x86_64-linux-gnu/libreadline.so.8.2)
==12971==    by 0x488E315: rl_bind_keyseq_if_unbound_in_map (in /usr/lib/x86_64-linux-gnu/libreadline.so.8.2)
==12971==    by 0x48A286B: ??? (in /usr/lib/x86_64-linux-gnu/libreadline.so.8.2)
==12971==    by 0x48A2E30: _rl_init_terminal_io (in /usr/lib/x86_64-linux-gnu/libreadline.so.8.2)
==12971==    by 0x488E5D7: rl_initialize (in /usr/lib/x86_64-linux-gnu/libreadline.so.8.2)
==12971==    by 0x488E896: readline (in /usr/lib/x86_64-linux-gnu/libreadline.so.8.2)
==12971==    by 0x109410: main (main.c:74)
==12971== 
==12971== 4,112 bytes in 1 blocks are still reachable in loss record 52 of 73
==12971==    at 0x4846828: malloc (in /usr/libexec/valgrind/vgpreload_memcheck-amd64-linux.so)
==12971==    by 0x48A70EC: xmalloc (in /usr/lib/x86_64-linux-gnu/libreadline.so.8.2)
==12971==    by 0x48824E1: rl_make_bare_keymap (in /usr/lib/x86_64-linux-gnu/libreadline.so.8.2)
==12971==    by 0x4883398: rl_generic_bind (in /usr/lib/x86_64-linux-gnu/libreadline.so.8.2)
==12971==    by 0x488E315: rl_bind_keyseq_if_unbound_in_map (in /usr/lib/x86_64-linux-gnu/libreadline.so.8.2)
==12971==    by 0x48A287E: ??? (in /usr/lib/x86_64-linux-gnu/libreadline.so.8.2)
==12971==    by 0x48A2E30: _rl_init_terminal_io (in /usr/lib/x86_64-linux-gnu/libreadline.so.8.2)
==12971==    by 0x488E5D7: rl_initialize (in /usr/lib/x86_64-linux-gnu/libreadline.so.8.2)
==12971==    by 0x488E896: readline (in /usr/lib/x86_64-linux-gnu/libreadline.so.8.2)
==12971==    by 0x109410: main (main.c:74)
==12971== 
==12971== 4,112 bytes in 1 blocks are still reachable in loss record 53 of 73
==12971==    at 0x4846828: malloc (in /usr/libexec/valgrind/vgpreload_memcheck-amd64-linux.so)
==12971==    by 0x48A70EC: xmalloc (in /usr/lib/x86_64-linux-gnu/libreadline.so.8.2)
==12971==    by 0x48824E1: rl_make_bare_keymap (in /usr/lib/x86_64-linux-gnu/libreadline.so.8.2)
==12971==    by 0x4883398: rl_generic_bind (in /usr/lib/x86_64-linux-gnu/libreadline.so.8.2)
==12971==    by 0x488E315: rl_bind_keyseq_if_unbound_in_map (in /usr/lib/x86_64-linux-gnu/libreadline.so.8.2)
==12971==    by 0x48A2891: ??? (in /usr/lib/x86_64-linux-gnu/libreadline.so.8.2)
==12971==    by 0x48A2E30: _rl_init_terminal_io (in /usr/lib/x86_64-linux-gnu/libreadline.so.8.2)
==12971==    by 0x488E5D7: rl_initialize (in /usr/lib/x86_64-linux-gnu/libreadline.so.8.2)
==12971==    by 0x488E896: readline (in /usr/lib/x86_64-linux-gnu/libreadline.so.8.2)
==12971==    by 0x109410: main (main.c:74)
==12971== 
==12971== 4,112 bytes in 1 blocks are still reachable in loss record 54 of 73
==12971==    at 0x4846828: malloc (in /usr/libexec/valgrind/vgpreload_memcheck-amd64-linux.so)
==12971==    by 0x48A70EC: xmalloc (in /usr/lib/x86_64-linux-gnu/libreadline.so.8.2)
==12971==    by 0x48824E1: rl_make_bare_keymap (in /usr/lib/x86_64-linux-gnu/libreadline.so.8.2)
==12971==    by 0x4883398: rl_generic_bind (in /usr/lib/x86_64-linux-gnu/libreadline.so.8.2)
==12971==    by 0x488E315: rl_bind_keyseq_if_unbound_in_map (in /usr/lib/x86_64-linux-gnu/libreadline.so.8.2)
==12971==    by 0x48A286B: ??? (in /usr/lib/x86_64-linux-gnu/libreadline.so.8.2)
==12971==    by 0x48A2E3C: _rl_init_terminal_io (in /usr/lib/x86_64-linux-gnu/libreadline.so.8.2)
==12971==    by 0x488E5D7: rl_initialize (in /usr/lib/x86_64-linux-gnu/libreadline.so.8.2)
==12971==    by 0x488E896: readline (in /usr/lib/x86_64-linux-gnu/libreadline.so.8.2)
==12971==    by 0x109410: main (main.c:74)
==12971== 
==12971== 4,112 bytes in 1 blocks are still reachable in loss record 55 of 73
==12971==    at 0x4846828: malloc (in /usr/libexec/valgrind/vgpreload_memcheck-amd64-linux.so)
==12971==    by 0x48A70EC: xmalloc (in /usr/lib/x86_64-linux-gnu/libreadline.so.8.2)
==12971==    by 0x48824E1: rl_make_bare_keymap (in /usr/lib/x86_64-linux-gnu/libreadline.so.8.2)
==12971==    by 0x4883398: rl_generic_bind (in /usr/lib/x86_64-linux-gnu/libreadline.so.8.2)
==12971==    by 0x488E315: rl_bind_keyseq_if_unbound_in_map (in /usr/lib/x86_64-linux-gnu/libreadline.so.8.2)
==12971==    by 0x48A287E: ??? (in /usr/lib/x86_64-linux-gnu/libreadline.so.8.2)
==12971==    by 0x48A2E3C: _rl_init_terminal_io (in /usr/lib/x86_64-linux-gnu/libreadline.so.8.2)
==12971==    by 0x488E5D7: rl_initialize (in /usr/lib/x86_64-linux-gnu/libreadline.so.8.2)
==12971==    by 0x488E896: readline (in /usr/lib/x86_64-linux-gnu/libreadline.so.8.2)
==12971==    by 0x109410: main (main.c:74)
==12971== 
==12971== 4,112 bytes in 1 blocks are still reachable in loss record 56 of 73
==12971==    at 0x4846828: malloc (in /usr/libexec/valgrind/vgpreload_memcheck-amd64-linux.so)
==12971==    by 0x48A70EC: xmalloc (in /usr/lib/x86_64-linux-gnu/libreadline.so.8.2)
==12971==    by 0x48824E1: rl_make_bare_keymap (in /usr/lib/x86_64-linux-gnu/libreadline.so.8.2)
==12971==    by 0x4883398: rl_generic_bind (in /usr/lib/x86_64-linux-gnu/libreadline.so.8.2)
==12971==    by 0x488E315: rl_bind_keyseq_if_unbound_in_map (in /usr/lib/x86_64-linux-gnu/libreadline.so.8.2)
==12971==    by 0x48A2891: ??? (in /usr/lib/x86_64-linux-gnu/libreadline.so.8.2)
==12971==    by 0x48A2E3C: _rl_init_terminal_io (in /usr/lib/x86_64-linux-gnu/libreadline.so.8.2)
==12971==    by 0x488E5D7: rl_initialize (in /usr/lib/x86_64-linux-gnu/libreadline.so.8.2)
==12971==    by 0x488E896: readline (in /usr/lib/x86_64-linux-gnu/libreadline.so.8.2)
==12971==    by 0x109410: main (main.c:74)
==12971== 
==12971== 4,112 bytes in 1 blocks are still reachable in loss record 57 of 73
==12971==    at 0x4846828: malloc (in /usr/libexec/valgrind/vgpreload_memcheck-amd64-linux.so)
==12971==    by 0x48A70EC: xmalloc (in /usr/lib/x86_64-linux-gnu/libreadline.so.8.2)
==12971==    by 0x48824E1: rl_make_bare_keymap (in /usr/lib/x86_64-linux-gnu/libreadline.so.8.2)
==12971==    by 0x4883398: rl_generic_bind (in /usr/lib/x86_64-linux-gnu/libreadline.so.8.2)
==12971==    by 0x488E315: rl_bind_keyseq_if_unbound_in_map (in /usr/lib/x86_64-linux-gnu/libreadline.so.8.2)
==12971==    by 0x488E50E: ??? (in /usr/lib/x86_64-linux-gnu/libreadline.so.8.2)
==12971==    by 0x488E64C: rl_initialize (in /usr/lib/x86_64-linux-gnu/libreadline.so.8.2)
==12971==    by 0x488E896: readline (in /usr/lib/x86_64-linux-gnu/libreadline.so.8.2)
==12971==    by 0x109410: main (main.c:74)
==12971== 
==12971== 4,112 bytes in 1 blocks are still reachable in loss record 58 of 73
==12971==    at 0x4846828: malloc (in /usr/libexec/valgrind/vgpreload_memcheck-amd64-linux.so)
==12971==    by 0x48A70EC: xmalloc (in /usr/lib/x86_64-linux-gnu/libreadline.so.8.2)
==12971==    by 0x48824E1: rl_make_bare_keymap (in /usr/lib/x86_64-linux-gnu/libreadline.so.8.2)
==12971==    by 0x4883398: rl_generic_bind (in /usr/lib/x86_64-linux-gnu/libreadline.so.8.2)
==12971==    by 0x488E315: rl_bind_keyseq_if_unbound_in_map (in /usr/lib/x86_64-linux-gnu/libreadline.so.8.2)
==12971==    by 0x488E50E: ??? (in /usr/lib/x86_64-linux-gnu/libreadline.so.8.2)
==12971==    by 0x488E65B: rl_initialize (in /usr/lib/x86_64-linux-gnu/libreadline.so.8.2)
==12971==    by 0x488E896: readline (in /usr/lib/x86_64-linux-gnu/libreadline.so.8.2)
==12971==    by 0x109410: main (main.c:74)
==12971== 
==12971== 4,112 bytes in 1 blocks are still reachable in loss record 59 of 73
==12971==    at 0x4846828: malloc (in /usr/libexec/valgrind/vgpreload_memcheck-amd64-linux.so)
==12971==    by 0x48A70EC: xmalloc (in /usr/lib/x86_64-linux-gnu/libreadline.so.8.2)
==12971==    by 0x48824E1: rl_make_bare_keymap (in /usr/lib/x86_64-linux-gnu/libreadline.so.8.2)
==12971==    by 0x4883398: rl_generic_bind (in /usr/lib/x86_64-linux-gnu/libreadline.so.8.2)
==12971==    by 0x488E315: rl_bind_keyseq_if_unbound_in_map (in /usr/lib/x86_64-linux-gnu/libreadline.so.8.2)
==12971==    by 0x488E50E: ??? (in /usr/lib/x86_64-linux-gnu/libreadline.so.8.2)
==12971==    by 0x488E67C: rl_initialize (in /usr/lib/x86_64-linux-gnu/libreadline.so.8.2)
==12971==    by 0x488E896: readline (in /usr/lib/x86_64-linux-gnu/libreadline.so.8.2)
==12971==    by 0x109410: main (main.c:74)
==12971== 
==12971== 7,952 bytes in 1 blocks are still reachable in loss record 60 of 73
==12971==    at 0x484D953: calloc (in /usr/libexec/valgrind/vgpreload_memcheck-amd64-linux.so)
==12971==    by 0x4AE0C77: ??? (in /usr/lib/x86_64-linux-gnu/libtinfo.so.6.4)
==12971==    by 0x4AE269D: _nc_find_type_entry (in /usr/lib/x86_64-linux-gnu/libtinfo.so.6.4)
==12971==    by 0x4AE53C1: tgetstr_sp (in /usr/lib/x86_64-linux-gnu/libtinfo.so.6.4)
==12971==    by 0x48A2D22: _rl_init_terminal_io (in /usr/lib/x86_64-linux-gnu/libreadline.so.8.2)
==12971==    by 0x488E5D7: rl_initialize (in /usr/lib/x86_64-linux-gnu/libreadline.so.8.2)
==12971==    by 0x488E896: readline (in /usr/lib/x86_64-linux-gnu/libreadline.so.8.2)
==12971==    by 0x109410: main (main.c:74)
==12971== 
==12971== 8,224 bytes in 2 blocks are still reachable in loss record 61 of 73
==12971==    at 0x4846828: malloc (in /usr/libexec/valgrind/vgpreload_memcheck-amd64-linux.so)
==12971==    by 0x48A70EC: xmalloc (in /usr/lib/x86_64-linux-gnu/libreadline.so.8.2)
==12971==    by 0x48824E1: rl_make_bare_keymap (in /usr/lib/x86_64-linux-gnu/libreadline.so.8.2)
==12971==    by 0x4883398: rl_generic_bind (in /usr/lib/x86_64-linux-gnu/libreadline.so.8.2)
==12971==    by 0x488E315: rl_bind_keyseq_if_unbound_in_map (in /usr/lib/x86_64-linux-gnu/libreadline.so.8.2)
==12971==    by 0x48A2858: ??? (in /usr/lib/x86_64-linux-gnu/libreadline.so.8.2)
==12971==    by 0x48A2E24: _rl_init_terminal_io (in /usr/lib/x86_64-linux-gnu/libreadline.so.8.2)
==12971==    by 0x488E5D7: rl_initialize (in /usr/lib/x86_64-linux-gnu/libreadline.so.8.2)
==12971==    by 0x488E896: readline (in /usr/lib/x86_64-linux-gnu/libreadline.so.8.2)
==12971==    by 0x109410: main (main.c:74)
==12971== 
==12971== 8,224 bytes in 2 blocks are still reachable in loss record 62 of 73
==12971==    at 0x4846828: malloc (in /usr/libexec/valgrind/vgpreload_memcheck-amd64-linux.so)
==12971==    by 0x48A70EC: xmalloc (in /usr/lib/x86_64-linux-gnu/libreadline.so.8.2)
==12971==    by 0x48824E1: rl_make_bare_keymap (in /usr/lib/x86_64-linux-gnu/libreadline.so.8.2)
==12971==    by 0x4883398: rl_generic_bind (in /usr/lib/x86_64-linux-gnu/libreadline.so.8.2)
==12971==    by 0x488E315: rl_bind_keyseq_if_unbound_in_map (in /usr/lib/x86_64-linux-gnu/libreadline.so.8.2)
==12971==    by 0x48A27E6: ??? (in /usr/lib/x86_64-linux-gnu/libreadline.so.8.2)
==12971==    by 0x48A2E30: _rl_init_terminal_io (in /usr/lib/x86_64-linux-gnu/libreadline.so.8.2)
==12971==    by 0x488E5D7: rl_initialize (in /usr/lib/x86_64-linux-gnu/libreadline.so.8.2)
==12971==    by 0x488E896: readline (in /usr/lib/x86_64-linux-gnu/libreadline.so.8.2)
==12971==    by 0x109410: main (main.c:74)
==12971== 
==12971== 8,224 bytes in 2 blocks are still reachable in loss record 63 of 73
==12971==    at 0x4846828: malloc (in /usr/libexec/valgrind/vgpreload_memcheck-amd64-linux.so)
==12971==    by 0x48A70EC: xmalloc (in /usr/lib/x86_64-linux-gnu/libreadline.so.8.2)
==12971==    by 0x48824E1: rl_make_bare_keymap (in /usr/lib/x86_64-linux-gnu/libreadline.so.8.2)
==12971==    by 0x4883398: rl_generic_bind (in /usr/lib/x86_64-linux-gnu/libreadline.so.8.2)
==12971==    by 0x488E315: rl_bind_keyseq_if_unbound_in_map (in /usr/lib/x86_64-linux-gnu/libreadline.so.8.2)
==12971==    by 0x48A2858: ??? (in /usr/lib/x86_64-linux-gnu/libreadline.so.8.2)
==12971==    by 0x48A2E30: _rl_init_terminal_io (in /usr/lib/x86_64-linux-gnu/libreadline.so.8.2)
==12971==    by 0x488E5D7: rl_initialize (in /usr/lib/x86_64-linux-gnu/libreadline.so.8.2)
==12971==    by 0x488E896: readline (in /usr/lib/x86_64-linux-gnu/libreadline.so.8.2)
==12971==    by 0x109410: main (main.c:74)
==12971== 
==12971== 8,224 bytes in 2 blocks are still reachable in loss record 64 of 73
==12971==    at 0x4846828: malloc (in /usr/libexec/valgrind/vgpreload_memcheck-amd64-linux.so)
==12971==    by 0x48A70EC: xmalloc (in /usr/lib/x86_64-linux-gnu/libreadline.so.8.2)
==12971==    by 0x48824E1: rl_make_bare_keymap (in /usr/lib/x86_64-linux-gnu/libreadline.so.8.2)
==12971==    by 0x4883398: rl_generic_bind (in /usr/lib/x86_64-linux-gnu/libreadline.so.8.2)
==12971==    by 0x488E315: rl_bind_keyseq_if_unbound_in_map (in /usr/lib/x86_64-linux-gnu/libreadline.so.8.2)
==12971==    by 0x48A27E6: ??? (in /usr/lib/x86_64-linux-gnu/libreadline.so.8.2)
==12971==    by 0x48A2E3C: _rl_init_terminal_io (in /usr/lib/x86_64-linux-gnu/libreadline.so.8.2)
==12971==    by 0x488E5D7: rl_initialize (in /usr/lib/x86_64-linux-gnu/libreadline.so.8.2)
==12971==    by 0x488E896: readline (in /usr/lib/x86_64-linux-gnu/libreadline.so.8.2)
==12971==    by 0x109410: main (main.c:74)
==12971== 
==12971== 8,224 bytes in 2 blocks are still reachable in loss record 65 of 73
==12971==    at 0x4846828: malloc (in /usr/libexec/valgrind/vgpreload_memcheck-amd64-linux.so)
==12971==    by 0x48A70EC: xmalloc (in /usr/lib/x86_64-linux-gnu/libreadline.so.8.2)
==12971==    by 0x48824E1: rl_make_bare_keymap (in /usr/lib/x86_64-linux-gnu/libreadline.so.8.2)
==12971==    by 0x4883398: rl_generic_bind (in /usr/lib/x86_64-linux-gnu/libreadline.so.8.2)
==12971==    by 0x488E315: rl_bind_keyseq_if_unbound_in_map (in /usr/lib/x86_64-linux-gnu/libreadline.so.8.2)
==12971==    by 0x48A2858: ??? (in /usr/lib/x86_64-linux-gnu/libreadline.so.8.2)
==12971==    by 0x48A2E3C: _rl_init_terminal_io (in /usr/lib/x86_64-linux-gnu/libreadline.so.8.2)
==12971==    by 0x488E5D7: rl_initialize (in /usr/lib/x86_64-linux-gnu/libreadline.so.8.2)
==12971==    by 0x488E896: readline (in /usr/lib/x86_64-linux-gnu/libreadline.so.8.2)
==12971==    by 0x109410: main (main.c:74)
==12971== 
==12971== 8,224 bytes in 2 blocks are still reachable in loss record 66 of 73
==12971==    at 0x4846828: malloc (in /usr/libexec/valgrind/vgpreload_memcheck-amd64-linux.so)
==12971==    by 0x48A70EC: xmalloc (in /usr/lib/x86_64-linux-gnu/libreadline.so.8.2)
==12971==    by 0x48824E1: rl_make_bare_keymap (in /usr/lib/x86_64-linux-gnu/libreadline.so.8.2)
==12971==    by 0x4883398: rl_generic_bind (in /usr/lib/x86_64-linux-gnu/libreadline.so.8.2)
==12971==    by 0x488E315: rl_bind_keyseq_if_unbound_in_map (in /usr/lib/x86_64-linux-gnu/libreadline.so.8.2)
==12971==    by 0x488E4FF: ??? (in /usr/lib/x86_64-linux-gnu/libreadline.so.8.2)
==12971==    by 0x488E64C: rl_initialize (in /usr/lib/x86_64-linux-gnu/libreadline.so.8.2)
==12971==    by 0x488E896: readline (in /usr/lib/x86_64-linux-gnu/libreadline.so.8.2)
==12971==    by 0x109410: main (main.c:74)
==12971== 
==12971== 8,224 bytes in 2 blocks are still reachable in loss record 67 of 73
==12971==    at 0x4846828: malloc (in /usr/libexec/valgrind/vgpreload_memcheck-amd64-linux.so)
==12971==    by 0x48A70EC: xmalloc (in /usr/lib/x86_64-linux-gnu/libreadline.so.8.2)
==12971==    by 0x48824E1: rl_make_bare_keymap (in /usr/lib/x86_64-linux-gnu/libreadline.so.8.2)
==12971==    by 0x4883398: rl_generic_bind (in /usr/lib/x86_64-linux-gnu/libreadline.so.8.2)
==12971==    by 0x488E315: rl_bind_keyseq_if_unbound_in_map (in /usr/lib/x86_64-linux-gnu/libreadline.so.8.2)
==12971==    by 0x488E4FF: ??? (in /usr/lib/x86_64-linux-gnu/libreadline.so.8.2)
==12971==    by 0x488E65B: rl_initialize (in /usr/lib/x86_64-linux-gnu/libreadline.so.8.2)
==12971==    by 0x488E896: readline (in /usr/lib/x86_64-linux-gnu/libreadline.so.8.2)
==12971==    by 0x109410: main (main.c:74)
==12971== 
==12971== 8,224 bytes in 2 blocks are still reachable in loss record 68 of 73
==12971==    at 0x4846828: malloc (in /usr/libexec/valgrind/vgpreload_memcheck-amd64-linux.so)
==12971==    by 0x48A70EC: xmalloc (in /usr/lib/x86_64-linux-gnu/libreadline.so.8.2)
==12971==    by 0x48824E1: rl_make_bare_keymap (in /usr/lib/x86_64-linux-gnu/libreadline.so.8.2)
==12971==    by 0x4883398: rl_generic_bind (in /usr/lib/x86_64-linux-gnu/libreadline.so.8.2)
==12971==    by 0x488E315: rl_bind_keyseq_if_unbound_in_map (in /usr/lib/x86_64-linux-gnu/libreadline.so.8.2)
==12971==    by 0x488E4FF: ??? (in /usr/lib/x86_64-linux-gnu/libreadline.so.8.2)
==12971==    by 0x488E67C: rl_initialize (in /usr/lib/x86_64-linux-gnu/libreadline.so.8.2)
==12971==    by 0x488E896: readline (in /usr/lib/x86_64-linux-gnu/libreadline.so.8.2)
==12971==    by 0x109410: main (main.c:74)
==12971== 
==12971== 8,224 bytes in 2 blocks are still reachable in loss record 69 of 73
==12971==    at 0x4846828: malloc (in /usr/libexec/valgrind/vgpreload_memcheck-amd64-linux.so)
==12971==    by 0x48A70EC: xmalloc (in /usr/lib/x86_64-linux-gnu/libreadline.so.8.2)
==12971==    by 0x48824E1: rl_make_bare_keymap (in /usr/lib/x86_64-linux-gnu/libreadline.so.8.2)
==12971==    by 0x4883398: rl_generic_bind (in /usr/lib/x86_64-linux-gnu/libreadline.so.8.2)
==12971==    by 0x488E315: rl_bind_keyseq_if_unbound_in_map (in /usr/lib/x86_64-linux-gnu/libreadline.so.8.2)
==12971==    by 0x488E696: rl_initialize (in /usr/lib/x86_64-linux-gnu/libreadline.so.8.2)
==12971==    by 0x488E896: readline (in /usr/lib/x86_64-linux-gnu/libreadline.so.8.2)
==12971==    by 0x109410: main (main.c:74)
==12971== 
==12971== 8,224 bytes in 2 blocks are still reachable in loss record 70 of 73
==12971==    at 0x4846828: malloc (in /usr/libexec/valgrind/vgpreload_memcheck-amd64-linux.so)
==12971==    by 0x48A70EC: xmalloc (in /usr/lib/x86_64-linux-gnu/libreadline.so.8.2)
==12971==    by 0x48824E1: rl_make_bare_keymap (in /usr/lib/x86_64-linux-gnu/libreadline.so.8.2)
==12971==    by 0x4883398: rl_generic_bind (in /usr/lib/x86_64-linux-gnu/libreadline.so.8.2)
==12971==    by 0x488E315: rl_bind_keyseq_if_unbound_in_map (in /usr/lib/x86_64-linux-gnu/libreadline.so.8.2)
==12971==    by 0x488E6AC: rl_initialize (in /usr/lib/x86_64-linux-gnu/libreadline.so.8.2)
==12971==    by 0x488E896: readline (in /usr/lib/x86_64-linux-gnu/libreadline.so.8.2)
==12971==    by 0x109410: main (main.c:74)
==12971== 
==12971== 12,336 bytes in 3 blocks are still reachable in loss record 71 of 73
==12971==    at 0x4846828: malloc (in /usr/libexec/valgrind/vgpreload_memcheck-amd64-linux.so)
==12971==    by 0x48A70EC: xmalloc (in /usr/lib/x86_64-linux-gnu/libreadline.so.8.2)
==12971==    by 0x48824E1: rl_make_bare_keymap (in /usr/lib/x86_64-linux-gnu/libreadline.so.8.2)
==12971==    by 0x4883398: rl_generic_bind (in /usr/lib/x86_64-linux-gnu/libreadline.so.8.2)
==12971==    by 0x488E315: rl_bind_keyseq_if_unbound_in_map (in /usr/lib/x86_64-linux-gnu/libreadline.so.8.2)
==12971==    by 0x488E4D6: ??? (in /usr/lib/x86_64-linux-gnu/libreadline.so.8.2)
==12971==    by 0x488E65B: rl_initialize (in /usr/lib/x86_64-linux-gnu/libreadline.so.8.2)
==12971==    by 0x488E896: readline (in /usr/lib/x86_64-linux-gnu/libreadline.so.8.2)
==12971==    by 0x109410: main (main.c:74)
==12971== 
==12971== 12,336 bytes in 3 blocks are still reachable in loss record 72 of 73
==12971==    at 0x4846828: malloc (in /usr/libexec/valgrind/vgpreload_memcheck-amd64-linux.so)
==12971==    by 0x48A70EC: xmalloc (in /usr/lib/x86_64-linux-gnu/libreadline.so.8.2)
==12971==    by 0x48824E1: rl_make_bare_keymap (in /usr/lib/x86_64-linux-gnu/libreadline.so.8.2)
==12971==    by 0x4883398: rl_generic_bind (in /usr/lib/x86_64-linux-gnu/libreadline.so.8.2)
==12971==    by 0x488E315: rl_bind_keyseq_if_unbound_in_map (in /usr/lib/x86_64-linux-gnu/libreadline.so.8.2)
==12971==    by 0x488E4D6: ??? (in /usr/lib/x86_64-linux-gnu/libreadline.so.8.2)
==12971==    by 0x488E67C: rl_initialize (in /usr/lib/x86_64-linux-gnu/libreadline.so.8.2)
==12971==    by 0x488E896: readline (in /usr/lib/x86_64-linux-gnu/libreadline.so.8.2)
==12971==    by 0x109410: main (main.c:74)
==12971== 
==12971== 24,672 bytes in 6 blocks are still reachable in loss record 73 of 73
==12971==    at 0x4846828: malloc (in /usr/libexec/valgrind/vgpreload_memcheck-amd64-linux.so)
==12971==    by 0x48A70EC: xmalloc (in /usr/lib/x86_64-linux-gnu/libreadline.so.8.2)
==12971==    by 0x48824E1: rl_make_bare_keymap (in /usr/lib/x86_64-linux-gnu/libreadline.so.8.2)
==12971==    by 0x4883398: rl_generic_bind (in /usr/lib/x86_64-linux-gnu/libreadline.so.8.2)
==12971==    by 0x48948A1: rl_parse_and_bind (in /usr/lib/x86_64-linux-gnu/libreadline.so.8.2)
==12971==    by 0x4894AAB: ??? (in /usr/lib/x86_64-linux-gnu/libreadline.so.8.2)
==12971==    by 0x488E600: rl_initialize (in /usr/lib/x86_64-linux-gnu/libreadline.so.8.2)
==12971==    by 0x488E896: readline (in /usr/lib/x86_64-linux-gnu/libreadline.so.8.2)
==12971==    by 0x109410: main (main.c:74)
==12971== 
==12971== LEAK SUMMARY:
==12971==    definitely lost: 0 bytes in 0 blocks
==12971==    indirectly lost: 0 bytes in 0 blocks
==12971==      possibly lost: 0 bytes in 0 blocks
==12971==    still reachable: 228,770 bytes in 233 blocks
==12971==         suppressed: 0 bytes in 0 blocks
==12971== 
==12971== For lists of detected and suppressed errors, rerun with: -s
==12971== ERROR SUMMARY: 0 errors from 0 contexts (suppressed: 0 from 0)